---
source: tui/src/chatwidget/tests.rs
expression: terminal.backend()
---
"                                                                                "
"• Worker · Analyzing updated 0s ago (0s • esc to interrupt)                     "
"                                                                                "
"                                                                                "
"› Ask Codex to do anything                                                      "
"                                                                                "
"  100% context left · ? for shortcuts                                           "
